<?xml version="1.0" encoding="utf-8"?><testsuites name="pytest tests"><testsuite name="pytest" errors="0" failures="0" skipped="0" tests="9" time="5.792" timestamp="2025-08-20T16:02:29.068537+08:00" hostname="TA99915409DioWang"><testcase classname="tests.test_anomalib_inference_model_functional" name="test_initialize_success" time="0.001" /><testcase classname="tests.test_anomalib_inference_model_functional" name="test_initialize_missing_config_returns_false" time="0.016" /><testcase classname="tests.test_anomalib_inference_model_functional" name="test_infer_io_and_decision_with_functional_stub" time="0.003" /><testcase classname="tests.test_anomalib_inference_model_functional" name="test_infer_auto_initialize_and_cleanup" time="0.002" /><testcase classname="tests.test_anomalib_inference_model_functional" name="test_infer_error_from_engine" time="0.002" /><testcase classname="tests.test_anomalib_inference_model_functional" name="test_infer_threshold_boundary_equals_is_pass" time="0.001" /><testcase classname="tests.test_anomalib_inference_model_functional" name="test_infer_no_anomaly_score_defaults_zero" time="0.001" /><testcase classname="tests.test_anomalib_inference_model_functional" name="test_initialize_engine_raises_then_returns_false" time="0.001" /><testcase classname="tests.test_anomalib_inference_model_functional" name="test_infer_cleanup_warning_when_remove_fails" time="0.001" /></testsuite></testsuites>